// Jest Snapshot v1, https://goo.gl/fbAQLP

exports[`Article Item Render Article Item 1`] = `ShallowWrapper {}`;
