// Jest Snapshot v1, https://goo.gl/fbAQLP

exports[`CategoryItem Render CategoryItem 1`] = `ShallowWrapper {}`;
